// Jest Snapshot v1, https://goo.gl/fbAQLP

exports[`<GlobalSytles/> Should be global styles ready 1`] = `null`;
