// Jest Snapshot v1, https://goo.gl/fbAQLP

exports[`<ErrorMessageStyle /> Should be renderer 1`] = `
.c0 {
  padding: 2rem;
  background-color: red;
}

<div
  className="c0"
/>
`;
