// Jest Snapshot v1, https://goo.gl/fbAQLP

exports[`<Dashboard/> Should render the styles of the dashboard component 1`] = `
.c0 {
  display: grid;
  padding: 1rem;
  grid-template-columns: repeat(3,1fr);
  grid-template-rows: repeat(2,1fr);
  grid-gap: 1rem;
}

<div
  className="c0"
/>
`;
