// Jest Snapshot v1, https://goo.gl/fbAQLP

exports[`<GlobalSytles/> Should be global styles ready 1`] = `
.c0 {
  font-size: 30px;
  text-align: center;
}

<h4
  className="c0"
/>
`;
